** Drc report for placed.kicad_pcb **
** Created on 2026-10-06 09:55:23 **

** Found 36 DRC violations **
[lib_footprint_issues]: The current configuration does not include the library ''.
    Local override; Severity: warning
    @(117.5000 mm, 124.0000 mm): Footprint R7
[lib_footprint_issues]: The current configuration does not include the library ''.
    Local override; Severity: warning
    @(125.0000 mm, 113.5000 mm): Footprint U3
[lib_footprint_issues]: The current configuration does not include the library ''.
    Local override; Severity: warning
    @(151.5000 mm, 131.9000 mm): Footprint C3
[lib_footprint_issues]: The current configuration does not include the library ''.
    Local override; Severity: warning
    @(128.5000 mm, 105.5000 mm): Footprint L1
[lib_footprint_issues]: The current configuration does not include the library ''.
    Local override; Severity: warning
    @(155.5000 mm, 103.0000 mm): Footprint H1
[lib_footprint_issues]: The current configuration does not include the library ''.
    Local override; Severity: warning
    @(127.3000 mm, 120.2000 mm): Footprint R12
[lib_footprint_issues]: The current configuration does not include the library ''.
    Local override; Severity: warning
    @(122.0000 mm, 124.0000 mm): Footprint R8
[lib_footprint_issues]: The current configuration does not include the library ''.
    Local override; Severity: warning
    @(123.5000 mm, 117.8000 mm): Footprint C9
[lib_footprint_issues]: The current configuration does not include the library ''.
    Local override; Severity: warning
    @(150.3000 mm, 103.8000 mm): Footprint F1
[lib_footprint_issues]: The current configuration does not include the library ''.
    Local override; Severity: warning
    @(115.7500 mm, 137.0000 mm): Footprint H2
[lib_footprint_issues]: The current configuration does not include the library ''.
    Local override; Severity: warning
    @(135.5000 mm, 130.0000 mm): Footprint R11
[lib_footprint_issues]: The current configuration does not include the library ''.
    Local override; Severity: warning
    @(151.2000 mm, 137.0000 mm): Footprint C4
[lib_footprint_issues]: The current configuration does not include the library ''.
    Local override; Severity: warning
    @(145.0000 mm, 136.0000 mm): Footprint U2
[lib_footprint_issues]: The current configuration does not include the library ''.
    Local override; Severity: warning
    @(155.5000 mm, 137.0000 mm): Footprint H3
[lib_footprint_issues]: The current configuration does not include the library ''.
    Local override; Severity: warning
    @(125.5000 mm, 127.5000 mm): Footprint Q2
[lib_footprint_issues]: The current configuration does not include the library ''.
    Local override; Severity: warning
    @(140.0000 mm, 130.0000 mm): Footprint C2
[lib_footprint_issues]: The current configuration does not include the library ''.
    Local override; Severity: warning
    @(153.0000 mm, 110.3000 mm): Footprint D1
[lib_footprint_issues]: The current configuration does not include the library ''.
    Local override; Severity: warning
    @(126.0000 mm, 108.0000 mm): Footprint C8
[lib_footprint_issues]: The current configuration does not include the library ''.
    Local override; Severity: warning
    @(112.0000 mm, 128.0000 mm): Footprint D6
[lib_footprint_issues]: The current configuration does not include the library ''.
    Local override; Severity: warning
    @(123.5000 mm, 105.5000 mm): Footprint C7
[lib_footprint_issues]: The current configuration does not include the library ''.
    Local override; Severity: warning
    @(124.0000 mm, 135.0000 mm): Footprint J3
[lib_footprint_issues]: The current configuration does not include the library ''.
    Local override; Severity: warning
    @(104.0000 mm, 104.0000 mm): Footprint U1A
[lib_footprint_issues]: The current configuration does not include the library ''.
    Local override; Severity: warning
    @(130.0000 mm, 109.5000 mm): Footprint L2
[lib_footprint_issues]: The current configuration does not include the library ''.
    Local override; Severity: warning
    @(153.0000 mm, 117.4000 mm): Footprint D2
[lib_footprint_issues]: The current configuration does not include the library ''.
    Local override; Severity: warning
    @(153.0000 mm, 126.0000 mm): Footprint C1
[lib_footprint_issues]: The current configuration does not include the library ''.
    Local override; Severity: warning
    @(119.2400 mm, 104.0000 mm): Footprint U1B
[lib_footprint_issues]: The current configuration does not include the library ''.
    Local override; Severity: warning
    @(113.0000 mm, 124.0000 mm): Footprint Q1
[lib_footprint_issues]: The current configuration does not include the library ''.
    Local override; Severity: warning
    @(104.0000 mm, 124.0000 mm): Footprint R5
[lib_footprint_issues]: The current configuration does not include the library ''.
    Local override; Severity: warning
    @(108.5000 mm, 124.0000 mm): Footprint R6
[lib_footprint_issues]: The current configuration does not include the library ''.
    Local override; Severity: warning
    @(136.0000 mm, 104.0000 mm): Footprint K1
[lib_footprint_issues]: The current configuration does not include the library ''.
    Local override; Severity: warning
    @(135.5000 mm, 126.5000 mm): Footprint R10
[lib_footprint_issues]: The current configuration does not include the library ''.
    Local override; Severity: warning
    @(140.0000 mm, 126.0000 mm): Footprint R9
[lib_footprint_issues]: The current configuration does not include the library ''.
    Local override; Severity: warning
    @(130.5000 mm, 126.5000 mm): Footprint D5
[lib_footprint_issues]: The current configuration does not include the library ''.
    Local override; Severity: warning
    @(126.0000 mm, 102.5000 mm): Footprint ANT1
[lib_footprint_issues]: The current configuration does not include the library ''.
    Local override; Severity: warning
    @(131.5000 mm, 118.0000 mm): Footprint Y1
[lib_footprint_issues]: The current configuration does not include the library ''.
    Local override; Severity: warning
    @(104.0000 mm, 135.0000 mm): Footprint J1

** Found 0 unconnected pads **

** Found 0 Footprint errors **

** End of Report **
